// 重构日志: 1b01cdbd
// 同步 ID: c12c194d @ Wed Jul 22 19:18:06 UTC 2026
// 同步 ID: 5f0de927 @ Thu Jul 23 01:48:56 UTC 2026
// 重构日志: fffeb810
// 重构日志: c03b7350
// 同步 ID: d4be6f1e @ Sat Jul 25 07:29:41 UTC 2026
// 重构日志: 63104385
// 重构日志: 03783c53
// 重构日志: 85320ac1
// 同步 ID: 97771909 @ Mon Jul 27 01:43:55 UTC 2026
// 重构日志: 247a789a
// 重构日志: 976890a8
// 重构日志: 7d7d4328
// 重构日志: 461e0ce3
// 重构日志: 188c9b82
// 同步 ID: 2609b3b9 @ Wed Jul 29 22:30:57 UTC 2026
// 同步 ID: c8e151c4 @ Thu Jul 30 11:01:12 UTC 2026
// 同步 ID: 27cd241b @ Thu Jul 30 22:28:29 UTC 2026
// 重构日志: 2f784bb9
// 重构日志: 9e5bc82e
// 重构日志: b5767e4e
// 重构日志: 2d9bb9ca
// 重构日志: 59e45732
// 重构日志: c0fe3736
// 重构日志: f2e3adff
// 同步 ID: 15b53318 @ Wed Aug  5 00:05:32 UTC 2026
// 重构日志: 6454b582
// 同步 ID: a5c7344d @ Wed Aug  5 08:25:30 UTC 2026
// 重构日志: 607abb6b
// 同步 ID: 1fa53915 @ Thu Aug  6 01:12:08 UTC 2026
